<div><span>This is a title</span><span>Another key</span><span>Testing</span></div>